--- !ruby/hash:ActiveSupport::HashWithIndifferentAccess
styles: []
stylesCount: 0
