--- !ruby/hash:ActiveSupport::HashWithIndifferentAccess
styles:
- !ruby/hash:ActiveSupport::HashWithIndifferentAccess
  make: !ruby/hash:ActiveSupport::HashWithIndifferentAccess
    id: 200000081
    name: BMW
    niceName: bmw
  model: !ruby/hash:ActiveSupport::HashWithIndifferentAccess
    id: BMW_3_Series
    name: 3 Series
    niceName: 3-series
  engine: !ruby/hash:ActiveSupport::HashWithIndifferentAccess
    id: '200655311'
    name: Engine
    equipmentType: ENGINE
    compressionRatio: 8.0
    cylinder: 6
    size: 2.5
    configuration: inline
    fuelType: regular unleaded
    horsepower: 168
    torque: 164
    type: gas
    code: 6INAG2.5
  transmission: !ruby/hash:ActiveSupport::HashWithIndifferentAccess
    id: '200655309'
    name: 5M
    equipmentType: TRANSMISSION
    transmissionType: MANUAL
    numberOfSpeeds: '5'
  drivenWheels: rear wheel drive
  numOfDoors: '2'
  options: []
  colors: []
  price: !ruby/hash:ActiveSupport::HashWithIndifferentAccess
    usedTmvRetail: 2513.0
    usedPrivateParty: 1257.0
    usedTradeIn: 503.0
    estimateTmv: false
  categories: !ruby/hash:ActiveSupport::HashWithIndifferentAccess
    market: Luxury
    EPAClass: SUBCOMPACT_CARS
    vehicleSize: Compact
    primaryBodyType: Car
    vehicleStyle: Coupe
    vehicleType: Car
  id: 215
  name: 325i 2dr Coupe
  year: !ruby/hash:ActiveSupport::HashWithIndifferentAccess
    id: 3328
    year: 1990
  submodel: !ruby/hash:ActiveSupport::HashWithIndifferentAccess
    body: Coupe
    modelName: 3 Series Coupe
    niceName: coupe
  trim: 325i
  states:
  - USED
  squishVins:
  - WBAAA131LE
  - WBAAA131LA
  - WBAAA230LE
  - WBAAA231LA
  - WBAAA130LE
  - WBAAA231LE
  MPG: !ruby/hash:ActiveSupport::HashWithIndifferentAccess
    highway: '22'
    city: '16'
- !ruby/hash:ActiveSupport::HashWithIndifferentAccess
  make: !ruby/hash:ActiveSupport::HashWithIndifferentAccess
    id: 200000081
    name: BMW
    niceName: bmw
  model: !ruby/hash:ActiveSupport::HashWithIndifferentAccess
    id: BMW_3_Series
    name: 3 Series
    niceName: 3-series
  engine: !ruby/hash:ActiveSupport::HashWithIndifferentAccess
    id: '200655308'
    name: Engine
    equipmentType: ENGINE
    compressionRatio: 8.0
    cylinder: 6
    size: 2.5
    configuration: inline
    fuelType: regular unleaded
    horsepower: 168
    torque: 164
    type: gas
    code: 6INAG2.5
  transmission: !ruby/hash:ActiveSupport::HashWithIndifferentAccess
    id: '200655306'
    name: 5M
    equipmentType: TRANSMISSION
    transmissionType: MANUAL
    numberOfSpeeds: '5'
  drivenWheels: rear wheel drive
  numOfDoors: '2'
  options: []
  colors: []
  price: !ruby/hash:ActiveSupport::HashWithIndifferentAccess
    usedTmvRetail: 2513.0
    usedPrivateParty: 1257.0
    usedTradeIn: 503.0
    estimateTmv: false
  categories: !ruby/hash:ActiveSupport::HashWithIndifferentAccess
    market: Luxury
    EPAClass: SUBCOMPACT_CARS
    vehicleSize: Compact
    primaryBodyType: Car
    vehicleStyle: Convertible
    vehicleType: Car
  id: 213
  name: 325i 2dr Convertible
  year: !ruby/hash:ActiveSupport::HashWithIndifferentAccess
    id: 3328
    year: 1990
  submodel: !ruby/hash:ActiveSupport::HashWithIndifferentAccess
    body: Convertible
    modelName: 3 Series Convertible
    niceName: convertible
  trim: 325i
  states:
  - USED
  squishVins:
  - WBABB230LE
  - WBABB231LE
  - WBABB130LE
  - WBABB131LE
  MPG: !ruby/hash:ActiveSupport::HashWithIndifferentAccess
    highway: '23'
    city: '16'
- !ruby/hash:ActiveSupport::HashWithIndifferentAccess
  make: !ruby/hash:ActiveSupport::HashWithIndifferentAccess
    id: 200000081
    name: BMW
    niceName: bmw
  model: !ruby/hash:ActiveSupport::HashWithIndifferentAccess
    id: BMW_3_Series
    name: 3 Series
    niceName: 3-series
  engine: !ruby/hash:ActiveSupport::HashWithIndifferentAccess
    id: '200655299'
    name: Engine
    equipmentType: ENGINE
    compressionRatio: 8.0
    cylinder: 6
    size: 2.5
    configuration: inline
    fuelType: regular unleaded
    horsepower: 168
    torque: 164
    type: gas
    code: 6INAG2.5
  transmission: !ruby/hash:ActiveSupport::HashWithIndifferentAccess
    id: '200655297'
    name: 5M
    equipmentType: TRANSMISSION
    transmissionType: MANUAL
    numberOfSpeeds: '5'
  drivenWheels: all wheel drive
  numOfDoors: '4'
  options: []
  colors: []
  price: !ruby/hash:ActiveSupport::HashWithIndifferentAccess
    usedTmvRetail: 2513.0
    usedPrivateParty: 1257.0
    usedTradeIn: 503.0
    estimateTmv: false
  categories: !ruby/hash:ActiveSupport::HashWithIndifferentAccess
    market: Luxury,Performance
    EPAClass: SUBCOMPACT_CARS
    vehicleSize: Compact
    primaryBodyType: Car
    vehicleStyle: Sedan
    vehicleType: Car
  id: 222
  name: 325iX 4dr Sedan AWD
  year: !ruby/hash:ActiveSupport::HashWithIndifferentAccess
    id: 3328
    year: 1990
  submodel: !ruby/hash:ActiveSupport::HashWithIndifferentAccess
    body: Sedan
    modelName: 3 Series Sedan
    niceName: sedan
  trim: 325iX
  states:
  - USED
  squishVins:
  - WBAAE031LE
  - WBAAE931LE
  MPG: !ruby/hash:ActiveSupport::HashWithIndifferentAccess
    highway: '22'
    city: '15'
- !ruby/hash:ActiveSupport::HashWithIndifferentAccess
  make: !ruby/hash:ActiveSupport::HashWithIndifferentAccess
    id: 200000081
    name: BMW
    niceName: bmw
  model: !ruby/hash:ActiveSupport::HashWithIndifferentAccess
    id: BMW_3_Series
    name: 3 Series
    niceName: 3-series
  engine: !ruby/hash:ActiveSupport::HashWithIndifferentAccess
    id: '200655305'
    name: Engine
    equipmentType: ENGINE
    compressionRatio: 8.0
    cylinder: 6
    size: 2.5
    configuration: inline
    fuelType: regular unleaded
    horsepower: 168
    torque: 164
    type: gas
    code: 6INAG2.5
  transmission: !ruby/hash:ActiveSupport::HashWithIndifferentAccess
    id: '200655303'
    name: 5M
    equipmentType: TRANSMISSION
    transmissionType: MANUAL
    numberOfSpeeds: '5'
  drivenWheels: rear wheel drive
  numOfDoors: '2'
  options: []
  colors: []
  price: !ruby/hash:ActiveSupport::HashWithIndifferentAccess
    usedTmvRetail: 2513.0
    usedPrivateParty: 1257.0
    usedTradeIn: 503.0
    estimateTmv: false
  categories: !ruby/hash:ActiveSupport::HashWithIndifferentAccess
    market: Luxury
    EPAClass: SUBCOMPACT_CARS
    vehicleSize: Compact
    primaryBodyType: Car
    vehicleStyle: Coupe
    vehicleType: Car
  id: 218
  name: 325is 2dr Coupe
  year: !ruby/hash:ActiveSupport::HashWithIndifferentAccess
    id: 3328
    year: 1990
  submodel: !ruby/hash:ActiveSupport::HashWithIndifferentAccess
    body: Coupe
    modelName: 3 Series Coupe
    niceName: coupe
  trim: 325is
  states:
  - USED
  squishVins:
  - WBAAA131LE
  - WBAAA131LA
  - WBAAA231LE
  - WBAAA130LE
  - WBAAA230LE
  - WBAAA231LA
  MPG: !ruby/hash:ActiveSupport::HashWithIndifferentAccess
    highway: '22'
    city: '16'
- !ruby/hash:ActiveSupport::HashWithIndifferentAccess
  make: !ruby/hash:ActiveSupport::HashWithIndifferentAccess
    id: 200000081
    name: BMW
    niceName: bmw
  model: !ruby/hash:ActiveSupport::HashWithIndifferentAccess
    id: BMW_3_Series
    name: 3 Series
    niceName: 3-series
  engine: !ruby/hash:ActiveSupport::HashWithIndifferentAccess
    id: '200655296'
    name: Engine
    equipmentType: ENGINE
    compressionRatio: 8.0
    cylinder: 6
    size: 2.5
    configuration: inline
    fuelType: regular unleaded
    horsepower: 168
    torque: 164
    type: gas
    code: 6INAG2.5
  transmission: !ruby/hash:ActiveSupport::HashWithIndifferentAccess
    id: '200655294'
    name: 5M
    equipmentType: TRANSMISSION
    transmissionType: MANUAL
    numberOfSpeeds: '5'
  drivenWheels: all wheel drive
  numOfDoors: '2'
  options: []
  colors: []
  price: !ruby/hash:ActiveSupport::HashWithIndifferentAccess
    usedTmvRetail: 2513.0
    usedPrivateParty: 1257.0
    usedTradeIn: 503.0
    estimateTmv: false
  categories: !ruby/hash:ActiveSupport::HashWithIndifferentAccess
    market: Luxury,Performance
    EPAClass: SUBCOMPACT_CARS
    vehicleSize: Compact
    primaryBodyType: Car
    vehicleStyle: Coupe
    vehicleType: Car
  id: 220
  name: 325iX 2dr Coupe AWD
  year: !ruby/hash:ActiveSupport::HashWithIndifferentAccess
    id: 3328
    year: 1990
  submodel: !ruby/hash:ActiveSupport::HashWithIndifferentAccess
    body: Coupe
    modelName: 3 Series Coupe
    niceName: coupe
  trim: 325iX
  states:
  - USED
  squishVins:
  - WBAAB031LE
  - WBAAB931LE
  MPG: !ruby/hash:ActiveSupport::HashWithIndifferentAccess
    highway: '22'
    city: '15'
- !ruby/hash:ActiveSupport::HashWithIndifferentAccess
  make: !ruby/hash:ActiveSupport::HashWithIndifferentAccess
    id: 200000081
    name: BMW
    niceName: bmw
  model: !ruby/hash:ActiveSupport::HashWithIndifferentAccess
    id: BMW_3_Series
    name: 3 Series
    niceName: 3-series
  engine: !ruby/hash:ActiveSupport::HashWithIndifferentAccess
    id: '200655302'
    name: Engine
    equipmentType: ENGINE
    compressionRatio: 8.0
    cylinder: 6
    size: 2.5
    configuration: inline
    fuelType: regular unleaded
    horsepower: 168
    torque: 164
    type: gas
    code: 6INAG2.5
  transmission: !ruby/hash:ActiveSupport::HashWithIndifferentAccess
    id: '200655300'
    name: 5M
    equipmentType: TRANSMISSION
    transmissionType: MANUAL
    numberOfSpeeds: '5'
  drivenWheels: rear wheel drive
  numOfDoors: '4'
  options: []
  colors: []
  price: !ruby/hash:ActiveSupport::HashWithIndifferentAccess
    usedTmvRetail: 2513.0
    usedPrivateParty: 1257.0
    usedTradeIn: 503.0
    estimateTmv: false
  categories: !ruby/hash:ActiveSupport::HashWithIndifferentAccess
    market: Luxury
    EPAClass: SUBCOMPACT_CARS
    vehicleSize: Compact
    primaryBodyType: Car
    vehicleStyle: Sedan
    vehicleType: Car
  id: 216
  name: 325i 4dr Sedan
  year: !ruby/hash:ActiveSupport::HashWithIndifferentAccess
    id: 3328
    year: 1990
  submodel: !ruby/hash:ActiveSupport::HashWithIndifferentAccess
    body: Sedan
    modelName: 3 Series Sedan
    niceName: sedan
  trim: 325i
  states:
  - USED
  squishVins:
  - WBAAD130LE
  - WBAAD131LE
  - WBAAD231LE
  - WBAAD230LE
  MPG: !ruby/hash:ActiveSupport::HashWithIndifferentAccess
    highway: '22'
    city: '16'
stylesCount: 6
