--- !ruby/hash:ActiveSupport::HashWithIndifferentAccess
stylesCount: 931
