--- !ruby/hash:ActiveSupport::HashWithIndifferentAccess
stylesCount: 6
