--- !ruby/hash:ActiveSupport::HashWithIndifferentAccess
stylesCount: 0
