--- !ruby/hash:ActiveSupport::HashWithIndifferentAccess
stylesCount: 44482
