--- !ruby/hash:ActiveSupport::HashWithIndifferentAccess
stylesCount: 268
