--- !ruby/hash:ActiveSupport::HashWithIndifferentAccess
stylesCount: 250
