--- !ruby/hash:ActiveSupport::HashWithIndifferentAccess
stylesCount: 41
