--- !ruby/hash:ActiveSupport::HashWithIndifferentAccess
id: 3328
year: 1990
styles:
- !ruby/hash:ActiveSupport::HashWithIndifferentAccess
  id: 222
  name: 325iX 4dr Sedan AWD
  submodel: !ruby/hash:ActiveSupport::HashWithIndifferentAccess
    body: Sedan
    modelName: 3 Series Sedan
    niceName: sedan
  trim: 325iX
- !ruby/hash:ActiveSupport::HashWithIndifferentAccess
  id: 216
  name: 325i 4dr Sedan
  submodel: !ruby/hash:ActiveSupport::HashWithIndifferentAccess
    body: Sedan
    modelName: 3 Series Sedan
    niceName: sedan
  trim: 325i
