--- !ruby/hash:ActiveSupport::HashWithIndifferentAccess
id: 3328
year: 1990
styles: []
