--- !ruby/hash:ActiveSupport::HashWithIndifferentAccess
id: 3328
make: !ruby/hash:ActiveSupport::HashWithIndifferentAccess
  id: 200000081
  name: BMW
  niceName: bmw
model: !ruby/hash:ActiveSupport::HashWithIndifferentAccess
  id: BMW_3_Series
  name: 3 Series
  niceName: 3-series
year: 1990
styles:
- !ruby/hash:ActiveSupport::HashWithIndifferentAccess
  id: 222
  name: 325iX 4dr Sedan AWD
  submodel: !ruby/hash:ActiveSupport::HashWithIndifferentAccess
    body: Sedan
    modelName: 3 Series Sedan
    niceName: sedan
  trim: 325iX
  states:
  - USED
- !ruby/hash:ActiveSupport::HashWithIndifferentAccess
  id: 220
  name: 325iX 2dr Coupe AWD
  submodel: !ruby/hash:ActiveSupport::HashWithIndifferentAccess
    body: Coupe
    modelName: 3 Series Coupe
    niceName: coupe
  trim: 325iX
  states:
  - USED
- !ruby/hash:ActiveSupport::HashWithIndifferentAccess
  id: 218
  name: 325is 2dr Coupe
  submodel: !ruby/hash:ActiveSupport::HashWithIndifferentAccess
    body: Coupe
    modelName: 3 Series Coupe
    niceName: coupe
  trim: 325is
  states:
  - USED
- !ruby/hash:ActiveSupport::HashWithIndifferentAccess
  id: 215
  name: 325i 2dr Coupe
  submodel: !ruby/hash:ActiveSupport::HashWithIndifferentAccess
    body: Coupe
    modelName: 3 Series Coupe
    niceName: coupe
  trim: 325i
  states:
  - USED
- !ruby/hash:ActiveSupport::HashWithIndifferentAccess
  id: 216
  name: 325i 4dr Sedan
  submodel: !ruby/hash:ActiveSupport::HashWithIndifferentAccess
    body: Sedan
    modelName: 3 Series Sedan
    niceName: sedan
  trim: 325i
  states:
  - USED
- !ruby/hash:ActiveSupport::HashWithIndifferentAccess
  id: 213
  name: 325i 2dr Convertible
  submodel: !ruby/hash:ActiveSupport::HashWithIndifferentAccess
    body: Convertible
    modelName: 3 Series Convertible
    niceName: convertible
  trim: 325i
  states:
  - USED
states:
- USED
